Archive member included to satisfy reference by file (symbol)

B:\Projekty\RemoteTank\RVC\RVC\Debug\libRVC.a(uart.o)
                              main.o (UartInit)
B:\Projekty\RemoteTank\RVC\RVC\Debug\libRVC.a(spi.o)
                              main.o (SpiMasterInit)
B:\Projekty\RemoteTank\RVC\RVC\Debug\libRVC.a(nrf24.o)
                              main.o (Nrf24Init)
B:\Projekty\RemoteTank\RVC\RVC\Debug\libRVC.a(commands.o)
                              main.o (CommandInit)
b:/programy/atmel/studio/7.0/toolchain/avr8/avr8-gnu-toolchain/bin/../lib/gcc/avr/5.4.0/avr5\libgcc.a(_udivmodsi4.o)
                              B:\Projekty\RemoteTank\RVC\RVC\Debug\libRVC.a(uart.o) (__udivmodsi4)
b:/programy/atmel/studio/7.0/toolchain/avr8/avr8-gnu-toolchain/bin/../lib/gcc/avr/5.4.0/avr5\libgcc.a(_exit.o)
                              B:/Programy/Atmel/Studio/7.0/Packs/atmel/ATmega_DFP/1.7.374/gcc/dev/atmega328p/avr5/crtatmega328p.o (exit)
b:/programy/atmel/studio/7.0/toolchain/avr8/avr8-gnu-toolchain/bin/../lib/gcc/avr/5.4.0/avr5\libgcc.a(_copy_data.o)
                              main.o (__do_copy_data)
b:/programy/atmel/studio/7.0/toolchain/avr8/avr8-gnu-toolchain/bin/../lib/gcc/avr/5.4.0/avr5\libgcc.a(_clear_bss.o)
                              main.o (__do_clear_bss)
b:/programy/atmel/studio/7.0/toolchain/avr8/avr8-gnu-toolchain/bin/../lib/gcc/avr/5.4.0/../../../../avr/lib/avr5\libc.a(malloc.o)
                              B:\Projekty\RemoteTank\RVC\RVC\Debug\libRVC.a(commands.o) (malloc)
b:/programy/atmel/studio/7.0/toolchain/avr8/avr8-gnu-toolchain/bin/../lib/gcc/avr/5.4.0/../../../../avr/lib/avr5\libc.a(realloc.o)
                              B:\Projekty\RemoteTank\RVC\RVC\Debug\libRVC.a(commands.o) (realloc)
b:/programy/atmel/studio/7.0/toolchain/avr8/avr8-gnu-toolchain/bin/../lib/gcc/avr/5.4.0/../../../../avr/lib/avr5\libc.a(memcpy.o)
                              B:\Projekty\RemoteTank\RVC\RVC\Debug\libRVC.a(uart.o) (memcpy)
b:/programy/atmel/studio/7.0/toolchain/avr8/avr8-gnu-toolchain/bin/../lib/gcc/avr/5.4.0/avr5\libgcc.a(_prologue.o)
                              b:/programy/atmel/studio/7.0/toolchain/avr8/avr8-gnu-toolchain/bin/../lib/gcc/avr/5.4.0/../../../../avr/lib/avr5\libc.a(realloc.o) (__prologue_saves__)
b:/programy/atmel/studio/7.0/toolchain/avr8/avr8-gnu-toolchain/bin/../lib/gcc/avr/5.4.0/avr5\libgcc.a(_epilogue.o)
                              b:/programy/atmel/studio/7.0/toolchain/avr8/avr8-gnu-toolchain/bin/../lib/gcc/avr/5.4.0/../../../../avr/lib/avr5\libc.a(realloc.o) (__epilogue_restores__)

Allocating common symbols
Common symbol       size              file

radioRef            0x2               main.o
__brkval            0x2               b:/programy/atmel/studio/7.0/toolchain/avr8/avr8-gnu-toolchain/bin/../lib/gcc/avr/5.4.0/../../../../avr/lib/avr5\libc.a(malloc.o)
commandManagerRef   0x2               main.o
__flp               0x2               b:/programy/atmel/studio/7.0/toolchain/avr8/avr8-gnu-toolchain/bin/../lib/gcc/avr/5.4.0/../../../../avr/lib/avr5\libc.a(malloc.o)

Discarded input sections

 .data          0x00000000        0x0 B:/Programy/Atmel/Studio/7.0/Packs/atmel/ATmega_DFP/1.7.374/gcc/dev/atmega328p/avr5/crtatmega328p.o
 .bss           0x00000000        0x0 B:/Programy/Atmel/Studio/7.0/Packs/atmel/ATmega_DFP/1.7.374/gcc/dev/atmega328p/avr5/crtatmega328p.o
 .text          0x00000000        0x0 audio.o
 .data          0x00000000        0x0 audio.o
 .bss           0x00000000        0x0 audio.o
 .text          0x00000000        0x0 main.o
 .data          0x00000000        0x0 main.o
 .bss           0x00000000        0x0 main.o
 .rodata.pipe   0x00000000        0x8 main.o
 .text          0x00000000        0x0 motor.o
 .data          0x00000000        0x0 motor.o
 .bss           0x00000000        0x0 motor.o
 .text.MotorSpeedSet
                0x00000000       0x14 motor.o
 .text.MotorDirectionSet
                0x00000000       0x96 motor.o
 .text.MotorInit
                0x00000000       0x46 motor.o
 .text          0x00000000        0x0 B:\Projekty\RemoteTank\RVC\RVC\Debug\libRVC.a(uart.o)
 .data          0x00000000        0x0 B:\Projekty\RemoteTank\RVC\RVC\Debug\libRVC.a(uart.o)
 .bss           0x00000000        0x0 B:\Projekty\RemoteTank\RVC\RVC\Debug\libRVC.a(uart.o)
 .text.UartStringSend
                0x00000000       0x36 B:\Projekty\RemoteTank\RVC\RVC\Debug\libRVC.a(uart.o)
 .text.UartCountRead
                0x00000000        0xa B:\Projekty\RemoteTank\RVC\RVC\Debug\libRVC.a(uart.o)
 .text.UartRead
                0x00000000       0x40 B:\Projekty\RemoteTank\RVC\RVC\Debug\libRVC.a(uart.o)
 .bss.rxReadPos.1800
                0x00000000        0x2 B:\Projekty\RemoteTank\RVC\RVC\Debug\libRVC.a(uart.o)
 .text          0x00000000        0x0 B:\Projekty\RemoteTank\RVC\RVC\Debug\libRVC.a(spi.o)
 .data          0x00000000        0x0 B:\Projekty\RemoteTank\RVC\RVC\Debug\libRVC.a(spi.o)
 .bss           0x00000000        0x0 B:\Projekty\RemoteTank\RVC\RVC\Debug\libRVC.a(spi.o)
 .text.SpiCSSet
                0x00000000       0x3a B:\Projekty\RemoteTank\RVC\RVC\Debug\libRVC.a(spi.o)
 .text          0x00000000        0x0 B:\Projekty\RemoteTank\RVC\RVC\Debug\libRVC.a(nrf24.o)
 .data          0x00000000        0x0 B:\Projekty\RemoteTank\RVC\RVC\Debug\libRVC.a(nrf24.o)
 .bss           0x00000000        0x0 B:\Projekty\RemoteTank\RVC\RVC\Debug\libRVC.a(nrf24.o)
 .text.ISR      0x00000000        0x2 B:\Projekty\RemoteTank\RVC\RVC\Debug\libRVC.a(nrf24.o)
 .text.Read     0x00000000       0x5e B:\Projekty\RemoteTank\RVC\RVC\Debug\libRVC.a(nrf24.o)
 .text.Nrf24RxFifoEmpty
                0x00000000        0xa B:\Projekty\RemoteTank\RVC\RVC\Debug\libRVC.a(nrf24.o)
 .text          0x00000000        0x0 B:\Projekty\RemoteTank\RVC\RVC\Debug\libRVC.a(commands.o)
 .data          0x00000000        0x0 B:\Projekty\RemoteTank\RVC\RVC\Debug\libRVC.a(commands.o)
 .bss           0x00000000        0x0 B:\Projekty\RemoteTank\RVC\RVC\Debug\libRVC.a(commands.o)
 .text.CommandCreate
                0x00000000       0x50 B:\Projekty\RemoteTank\RVC\RVC\Debug\libRVC.a(commands.o)
 .text          0x00000000        0x0 b:/programy/atmel/studio/7.0/toolchain/avr8/avr8-gnu-toolchain/bin/../lib/gcc/avr/5.4.0/avr5\libgcc.a(_udivmodsi4.o)
 .data          0x00000000        0x0 b:/programy/atmel/studio/7.0/toolchain/avr8/avr8-gnu-toolchain/bin/../lib/gcc/avr/5.4.0/avr5\libgcc.a(_udivmodsi4.o)
 .bss           0x00000000        0x0 b:/programy/atmel/studio/7.0/toolchain/avr8/avr8-gnu-toolchain/bin/../lib/gcc/avr/5.4.0/avr5\libgcc.a(_udivmodsi4.o)
 .text.libgcc.mul
                0x00000000        0x0 b:/programy/atmel/studio/7.0/toolchain/avr8/avr8-gnu-toolchain/bin/../lib/gcc/avr/5.4.0/avr5\libgcc.a(_udivmodsi4.o)
 .text.libgcc   0x00000000        0x0 b:/programy/atmel/studio/7.0/toolchain/avr8/avr8-gnu-toolchain/bin/../lib/gcc/avr/5.4.0/avr5\libgcc.a(_udivmodsi4.o)
 .text.libgcc.prologue
                0x00000000        0x0 b:/programy/atmel/studio/7.0/toolchain/avr8/avr8-gnu-toolchain/bin/../lib/gcc/avr/5.4.0/avr5\libgcc.a(_udivmodsi4.o)
 .text.libgcc.builtins
                0x00000000        0x0 b:/programy/atmel/studio/7.0/toolchain/avr8/avr8-gnu-toolchain/bin/../lib/gcc/avr/5.4.0/avr5\libgcc.a(_udivmodsi4.o)
 .text.libgcc.fmul
                0x00000000        0x0 b:/programy/atmel/studio/7.0/toolchain/avr8/avr8-gnu-toolchain/bin/../lib/gcc/avr/5.4.0/avr5\libgcc.a(_udivmodsi4.o)
 .text.libgcc.fixed
                0x00000000        0x0 b:/programy/atmel/studio/7.0/toolchain/avr8/avr8-gnu-toolchain/bin/../lib/gcc/avr/5.4.0/avr5\libgcc.a(_udivmodsi4.o)
 .text          0x00000000        0x0 b:/programy/atmel/studio/7.0/toolchain/avr8/avr8-gnu-toolchain/bin/../lib/gcc/avr/5.4.0/avr5\libgcc.a(_exit.o)
 .data          0x00000000        0x0 b:/programy/atmel/studio/7.0/toolchain/avr8/avr8-gnu-toolchain/bin/../lib/gcc/avr/5.4.0/avr5\libgcc.a(_exit.o)
 .bss           0x00000000        0x0 b:/programy/atmel/studio/7.0/toolchain/avr8/avr8-gnu-toolchain/bin/../lib/gcc/avr/5.4.0/avr5\libgcc.a(_exit.o)
 .text.libgcc.mul
                0x00000000        0x0 b:/programy/atmel/studio/7.0/toolchain/avr8/avr8-gnu-toolchain/bin/../lib/gcc/avr/5.4.0/avr5\libgcc.a(_exit.o)
 .text.libgcc.div
                0x00000000        0x0 b:/programy/atmel/studio/7.0/toolchain/avr8/avr8-gnu-toolchain/bin/../lib/gcc/avr/5.4.0/avr5\libgcc.a(_exit.o)
 .text.libgcc   0x00000000        0x0 b:/programy/atmel/studio/7.0/toolchain/avr8/avr8-gnu-toolchain/bin/../lib/gcc/avr/5.4.0/avr5\libgcc.a(_exit.o)
 .text.libgcc.prologue
                0x00000000        0x0 b:/programy/atmel/studio/7.0/toolchain/avr8/avr8-gnu-toolchain/bin/../lib/gcc/avr/5.4.0/avr5\libgcc.a(_exit.o)
 .text.libgcc.builtins
                0x00000000        0x0 b:/programy/atmel/studio/7.0/toolchain/avr8/avr8-gnu-toolchain/bin/../lib/gcc/avr/5.4.0/avr5\libgcc.a(_exit.o)
 .text.libgcc.fmul
                0x00000000        0x0 b:/programy/atmel/studio/7.0/toolchain/avr8/avr8-gnu-toolchain/bin/../lib/gcc/avr/5.4.0/avr5\libgcc.a(_exit.o)
 .text.libgcc.fixed
                0x00000000        0x0 b:/programy/atmel/studio/7.0/toolchain/avr8/avr8-gnu-toolchain/bin/../lib/gcc/avr/5.4.0/avr5\libgcc.a(_exit.o)
 .text          0x00000000        0x0 b:/programy/atmel/studio/7.0/toolchain/avr8/avr8-gnu-toolchain/bin/../lib/gcc/avr/5.4.0/avr5\libgcc.a(_copy_data.o)
 .data          0x00000000        0x0 b:/programy/atmel/studio/7.0/toolchain/avr8/avr8-gnu-toolchain/bin/../lib/gcc/avr/5.4.0/avr5\libgcc.a(_copy_data.o)
 .bss           0x00000000        0x0 b:/programy/atmel/studio/7.0/toolchain/avr8/avr8-gnu-toolchain/bin/../lib/gcc/avr/5.4.0/avr5\libgcc.a(_copy_data.o)
 .text.libgcc.mul
                0x00000000        0x0 b:/programy/atmel/studio/7.0/toolchain/avr8/avr8-gnu-toolchain/bin/../lib/gcc/avr/5.4.0/avr5\libgcc.a(_copy_data.o)
 .text.libgcc.div
                0x00000000        0x0 b:/programy/atmel/studio/7.0/toolchain/avr8/avr8-gnu-toolchain/bin/../lib/gcc/avr/5.4.0/avr5\libgcc.a(_copy_data.o)
 .text.libgcc   0x00000000        0x0 b:/programy/atmel/studio/7.0/toolchain/avr8/avr8-gnu-toolchain/bin/../lib/gcc/avr/5.4.0/avr5\libgcc.a(_copy_data.o)
 .text.libgcc.prologue
                0x00000000        0x0 b:/programy/atmel/studio/7.0/toolchain/avr8/avr8-gnu-toolchain/bin/../lib/gcc/avr/5.4.0/avr5\libgcc.a(_copy_data.o)
 .text.libgcc.builtins
                0x00000000        0x0 b:/programy/atmel/studio/7.0/toolchain/avr8/avr8-gnu-toolchain/bin/../lib/gcc/avr/5.4.0/avr5\libgcc.a(_copy_data.o)
 .text.libgcc.fmul
                0x00000000        0x0 b:/programy/atmel/studio/7.0/toolchain/avr8/avr8-gnu-toolchain/bin/../lib/gcc/avr/5.4.0/avr5\libgcc.a(_copy_data.o)
 .text.libgcc.fixed
                0x00000000        0x0 b:/programy/atmel/studio/7.0/toolchain/avr8/avr8-gnu-toolchain/bin/../lib/gcc/avr/5.4.0/avr5\libgcc.a(_copy_data.o)
 .text          0x00000000        0x0 b:/programy/atmel/studio/7.0/toolchain/avr8/avr8-gnu-toolchain/bin/../lib/gcc/avr/5.4.0/avr5\libgcc.a(_clear_bss.o)
 .data          0x00000000        0x0 b:/programy/atmel/studio/7.0/toolchain/avr8/avr8-gnu-toolchain/bin/../lib/gcc/avr/5.4.0/avr5\libgcc.a(_clear_bss.o)
 .bss           0x00000000        0x0 b:/programy/atmel/studio/7.0/toolchain/avr8/avr8-gnu-toolchain/bin/../lib/gcc/avr/5.4.0/avr5\libgcc.a(_clear_bss.o)
 .text.libgcc.mul
                0x00000000        0x0 b:/programy/atmel/studio/7.0/toolchain/avr8/avr8-gnu-toolchain/bin/../lib/gcc/avr/5.4.0/avr5\libgcc.a(_clear_bss.o)
 .text.libgcc.div
                0x00000000        0x0 b:/programy/atmel/studio/7.0/toolchain/avr8/avr8-gnu-toolchain/bin/../lib/gcc/avr/5.4.0/avr5\libgcc.a(_clear_bss.o)
 .text.libgcc   0x00000000        0x0 b:/programy/atmel/studio/7.0/toolchain/avr8/avr8-gnu-toolchain/bin/../lib/gcc/avr/5.4.0/avr5\libgcc.a(_clear_bss.o)
 .text.libgcc.prologue
                0x00000000        0x0 b:/programy/atmel/studio/7.0/toolchain/avr8/avr8-gnu-toolchain/bin/../lib/gcc/avr/5.4.0/avr5\libgcc.a(_clear_bss.o)
 .text.libgcc.builtins
                0x00000000        0x0 b:/programy/atmel/studio/7.0/toolchain/avr8/avr8-gnu-toolchain/bin/../lib/gcc/avr/5.4.0/avr5\libgcc.a(_clear_bss.o)
 .text.libgcc.fmul
                0x00000000        0x0 b:/programy/atmel/studio/7.0/toolchain/avr8/avr8-gnu-toolchain/bin/../lib/gcc/avr/5.4.0/avr5\libgcc.a(_clear_bss.o)
 .text.libgcc.fixed
                0x00000000        0x0 b:/programy/atmel/studio/7.0/toolchain/avr8/avr8-gnu-toolchain/bin/../lib/gcc/avr/5.4.0/avr5\libgcc.a(_clear_bss.o)
 .text          0x00000000        0x0 b:/programy/atmel/studio/7.0/toolchain/avr8/avr8-gnu-toolchain/bin/../lib/gcc/avr/5.4.0/../../../../avr/lib/avr5\libc.a(malloc.o)
 .bss           0x00000000        0x0 b:/programy/atmel/studio/7.0/toolchain/avr8/avr8-gnu-toolchain/bin/../lib/gcc/avr/5.4.0/../../../../avr/lib/avr5\libc.a(malloc.o)
 .text          0x00000000        0x0 b:/programy/atmel/studio/7.0/toolchain/avr8/avr8-gnu-toolchain/bin/../lib/gcc/avr/5.4.0/../../../../avr/lib/avr5\libc.a(realloc.o)
 .data          0x00000000        0x0 b:/programy/atmel/studio/7.0/toolchain/avr8/avr8-gnu-toolchain/bin/../lib/gcc/avr/5.4.0/../../../../avr/lib/avr5\libc.a(realloc.o)
 .bss           0x00000000        0x0 b:/programy/atmel/studio/7.0/toolchain/avr8/avr8-gnu-toolchain/bin/../lib/gcc/avr/5.4.0/../../../../avr/lib/avr5\libc.a(realloc.o)
 .text          0x00000000        0x0 b:/programy/atmel/studio/7.0/toolchain/avr8/avr8-gnu-toolchain/bin/../lib/gcc/avr/5.4.0/../../../../avr/lib/avr5\libc.a(memcpy.o)
 .data          0x00000000        0x0 b:/programy/atmel/studio/7.0/toolchain/avr8/avr8-gnu-toolchain/bin/../lib/gcc/avr/5.4.0/../../../../avr/lib/avr5\libc.a(memcpy.o)
 .bss           0x00000000        0x0 b:/programy/atmel/studio/7.0/toolchain/avr8/avr8-gnu-toolchain/bin/../lib/gcc/avr/5.4.0/../../../../avr/lib/avr5\libc.a(memcpy.o)
 .text          0x00000000        0x0 b:/programy/atmel/studio/7.0/toolchain/avr8/avr8-gnu-toolchain/bin/../lib/gcc/avr/5.4.0/avr5\libgcc.a(_prologue.o)
 .data          0x00000000        0x0 b:/programy/atmel/studio/7.0/toolchain/avr8/avr8-gnu-toolchain/bin/../lib/gcc/avr/5.4.0/avr5\libgcc.a(_prologue.o)
 .bss           0x00000000        0x0 b:/programy/atmel/studio/7.0/toolchain/avr8/avr8-gnu-toolchain/bin/../lib/gcc/avr/5.4.0/avr5\libgcc.a(_prologue.o)
 .text.libgcc.mul
                0x00000000        0x0 b:/programy/atmel/studio/7.0/toolchain/avr8/avr8-gnu-toolchain/bin/../lib/gcc/avr/5.4.0/avr5\libgcc.a(_prologue.o)
 .text.libgcc.div
                0x00000000        0x0 b:/programy/atmel/studio/7.0/toolchain/avr8/avr8-gnu-toolchain/bin/../lib/gcc/avr/5.4.0/avr5\libgcc.a(_prologue.o)
 .text.libgcc   0x00000000        0x0 b:/programy/atmel/studio/7.0/toolchain/avr8/avr8-gnu-toolchain/bin/../lib/gcc/avr/5.4.0/avr5\libgcc.a(_prologue.o)
 .text.libgcc.builtins
                0x00000000        0x0 b:/programy/atmel/studio/7.0/toolchain/avr8/avr8-gnu-toolchain/bin/../lib/gcc/avr/5.4.0/avr5\libgcc.a(_prologue.o)
 .text.libgcc.fmul
                0x00000000        0x0 b:/programy/atmel/studio/7.0/toolchain/avr8/avr8-gnu-toolchain/bin/../lib/gcc/avr/5.4.0/avr5\libgcc.a(_prologue.o)
 .text.libgcc.fixed
                0x00000000        0x0 b:/programy/atmel/studio/7.0/toolchain/avr8/avr8-gnu-toolchain/bin/../lib/gcc/avr/5.4.0/avr5\libgcc.a(_prologue.o)
 .text          0x00000000        0x0 b:/programy/atmel/studio/7.0/toolchain/avr8/avr8-gnu-toolchain/bin/../lib/gcc/avr/5.4.0/avr5\libgcc.a(_epilogue.o)
 .data          0x00000000        0x0 b:/programy/atmel/studio/7.0/toolchain/avr8/avr8-gnu-toolchain/bin/../lib/gcc/avr/5.4.0/avr5\libgcc.a(_epilogue.o)
 .bss           0x00000000        0x0 b:/programy/atmel/studio/7.0/toolchain/avr8/avr8-gnu-toolchain/bin/../lib/gcc/avr/5.4.0/avr5\libgcc.a(_epilogue.o)
 .text.libgcc.mul
                0x00000000        0x0 b:/programy/atmel/studio/7.0/toolchain/avr8/avr8-gnu-toolchain/bin/../lib/gcc/avr/5.4.0/avr5\libgcc.a(_epilogue.o)
 .text.libgcc.div
                0x00000000        0x0 b:/programy/atmel/studio/7.0/toolchain/avr8/avr8-gnu-toolchain/bin/../lib/gcc/avr/5.4.0/avr5\libgcc.a(_epilogue.o)
 .text.libgcc   0x00000000        0x0 b:/programy/atmel/studio/7.0/toolchain/avr8/avr8-gnu-toolchain/bin/../lib/gcc/avr/5.4.0/avr5\libgcc.a(_epilogue.o)
 .text.libgcc.builtins
                0x00000000        0x0 b:/programy/atmel/studio/7.0/toolchain/avr8/avr8-gnu-toolchain/bin/../lib/gcc/avr/5.4.0/avr5\libgcc.a(_epilogue.o)
 .text.libgcc.fmul
                0x00000000        0x0 b:/programy/atmel/studio/7.0/toolchain/avr8/avr8-gnu-toolchain/bin/../lib/gcc/avr/5.4.0/avr5\libgcc.a(_epilogue.o)
 .text.libgcc.fixed
                0x00000000        0x0 b:/programy/atmel/studio/7.0/toolchain/avr8/avr8-gnu-toolchain/bin/../lib/gcc/avr/5.4.0/avr5\libgcc.a(_epilogue.o)

Memory Configuration

Name             Origin             Length             Attributes
text             0x00000000         0x00008000         xr
data             0x00800100         0x00000800         rw !x
eeprom           0x00810000         0x00000400         rw !x
fuse             0x00820000         0x00000003         rw !x
lock             0x00830000         0x00000400         rw !x
signature        0x00840000         0x00000400         rw !x
user_signatures  0x00850000         0x00000400         rw !x
*default*        0x00000000         0xffffffff

Linker script and memory map

Address of section .data set to 0x800100
LOAD B:/Programy/Atmel/Studio/7.0/Packs/atmel/ATmega_DFP/1.7.374/gcc/dev/atmega328p/avr5/crtatmega328p.o
LOAD audio.o
LOAD main.o
LOAD motor.o
START GROUP
LOAD b:/programy/atmel/studio/7.0/toolchain/avr8/avr8-gnu-toolchain/bin/../lib/gcc/avr/5.4.0/../../../../avr/lib/avr5\libm.a
LOAD B:\Projekty\RemoteTank\RVC\RVC\Debug\libRVC.a
END GROUP
START GROUP
LOAD b:/programy/atmel/studio/7.0/toolchain/avr8/avr8-gnu-toolchain/bin/../lib/gcc/avr/5.4.0/avr5\libgcc.a
LOAD b:/programy/atmel/studio/7.0/toolchain/avr8/avr8-gnu-toolchain/bin/../lib/gcc/avr/5.4.0/../../../../avr/lib/avr5\libm.a
LOAD b:/programy/atmel/studio/7.0/toolchain/avr8/avr8-gnu-toolchain/bin/../lib/gcc/avr/5.4.0/../../../../avr/lib/avr5\libc.a
LOAD B:/Programy/Atmel/Studio/7.0/Packs/atmel/ATmega_DFP/1.7.374/gcc/dev/atmega328p/avr5\libatmega328p.a
END GROUP
                0x00000000                __TEXT_REGION_ORIGIN__ = DEFINED (__TEXT_REGION_ORIGIN__)?__TEXT_REGION_ORIGIN__:0x0
                [0x00800100]                __DATA_REGION_ORIGIN__ = DEFINED (__DATA_REGION_ORIGIN__)?__DATA_REGION_ORIGIN__:0x800060
                [0x00008000]                __TEXT_REGION_LENGTH__ = DEFINED (__TEXT_REGION_LENGTH__)?__TEXT_REGION_LENGTH__:0x20000
                [0x00000800]                __DATA_REGION_LENGTH__ = DEFINED (__DATA_REGION_LENGTH__)?__DATA_REGION_LENGTH__:0xffa0
                [0x00000400]                __EEPROM_REGION_LENGTH__ = DEFINED (__EEPROM_REGION_LENGTH__)?__EEPROM_REGION_LENGTH__:0x10000
                [0x00000003]                __FUSE_REGION_LENGTH__ = DEFINED (__FUSE_REGION_LENGTH__)?__FUSE_REGION_LENGTH__:0x400
                0x00000400                __LOCK_REGION_LENGTH__ = DEFINED (__LOCK_REGION_LENGTH__)?__LOCK_REGION_LENGTH__:0x400
                0x00000400                __SIGNATURE_REGION_LENGTH__ = DEFINED (__SIGNATURE_REGION_LENGTH__)?__SIGNATURE_REGION_LENGTH__:0x400
                0x00000400                __USER_SIGNATURE_REGION_LENGTH__ = DEFINED (__USER_SIGNATURE_REGION_LENGTH__)?__USER_SIGNATURE_REGION_LENGTH__:0x400

.hash
 *(.hash)

.dynsym
 *(.dynsym)

.dynstr
 *(.dynstr)

.gnu.version
 *(.gnu.version)

.gnu.version_d
 *(.gnu.version_d)

.gnu.version_r
 *(.gnu.version_r)

.rel.init
 *(.rel.init)

.rela.init
 *(.rela.init)

.rel.text
 *(.rel.text)
 *(.rel.text.*)
 *(.rel.gnu.linkonce.t*)

.rela.text
 *(.rela.text)
 *(.rela.text.*)
 *(.rela.gnu.linkonce.t*)

.rel.fini
 *(.rel.fini)

.rela.fini
 *(.rela.fini)

.rel.rodata
 *(.rel.rodata)
 *(.rel.rodata.*)
 *(.rel.gnu.linkonce.r*)

.rela.rodata
 *(.rela.rodata)
 *(.rela.rodata.*)
 *(.rela.gnu.linkonce.r*)

.rel.data
 *(.rel.data)
 *(.rel.data.*)
 *(.rel.gnu.linkonce.d*)

.rela.data
 *(.rela.data)
 *(.rela.data.*)
 *(.rela.gnu.linkonce.d*)

.rel.ctors
 *(.rel.ctors)

.rela.ctors
 *(.rela.ctors)

.rel.dtors
 *(.rel.dtors)

.rela.dtors
 *(.rela.dtors)

.rel.got
 *(.rel.got)

.rela.got
 *(.rela.got)

.rel.bss
 *(.rel.bss)

.rela.bss
 *(.rela.bss)

.rel.plt
 *(.rel.plt)

.rela.plt
 *(.rela.plt)

.text           0x00000000     0x12a8
 *(.vectors)
 .vectors       0x00000000       0x68 B:/Programy/Atmel/Studio/7.0/Packs/atmel/ATmega_DFP/1.7.374/gcc/dev/atmega328p/avr5/crtatmega328p.o
                0x00000000                __vector_default
                0x00000000                __vectors
 *(.vectors)
 *(.progmem.gcc*)
                0x00000068                . = ALIGN (0x2)
                0x00000068                __trampolines_start = .
 *(.trampolines)
 .trampolines   0x00000068        0x0 linker stubs
 *(.trampolines*)
                0x00000068                __trampolines_end = .
 *libprintf_flt.a:*(.progmem.data)
 *libc.a:*(.progmem.data)
 *(.progmem*)
                0x00000068                . = ALIGN (0x2)
 *(.jumptables)
 *(.jumptables*)
 *(.lowtext)
 *(.lowtext*)
                0x00000068                __ctors_start = .
 *(.ctors)
                0x00000068                __ctors_end = .
                0x00000068                __dtors_start = .
 *(.dtors)
                0x00000068                __dtors_end = .
 SORT(*)(.ctors)
 SORT(*)(.dtors)
 *(.init0)
 .init0         0x00000068        0x0 B:/Programy/Atmel/Studio/7.0/Packs/atmel/ATmega_DFP/1.7.374/gcc/dev/atmega328p/avr5/crtatmega328p.o
                0x00000068                __init
 *(.init0)
 *(.init1)
 *(.init1)
 *(.init2)
 .init2         0x00000068        0xc B:/Programy/Atmel/Studio/7.0/Packs/atmel/ATmega_DFP/1.7.374/gcc/dev/atmega328p/avr5/crtatmega328p.o
 *(.init2)
 *(.init3)
 *(.init3)
 *(.init4)
 .init4         0x00000074       0x16 b:/programy/atmel/studio/7.0/toolchain/avr8/avr8-gnu-toolchain/bin/../lib/gcc/avr/5.4.0/avr5\libgcc.a(_copy_data.o)
                0x00000074                __do_copy_data
 .init4         0x0000008a       0x10 b:/programy/atmel/studio/7.0/toolchain/avr8/avr8-gnu-toolchain/bin/../lib/gcc/avr/5.4.0/avr5\libgcc.a(_clear_bss.o)
                0x0000008a                __do_clear_bss
 *(.init4)
 *(.init5)
 *(.init5)
 *(.init6)
 *(.init6)
 *(.init7)
 *(.init7)
 *(.init8)
 *(.init8)
 *(.init9)
 .init9         0x0000009a        0x8 B:/Programy/Atmel/Studio/7.0/Packs/atmel/ATmega_DFP/1.7.374/gcc/dev/atmega328p/avr5/crtatmega328p.o
 *(.init9)
 *(.text)
 .text          0x000000a2        0x4 B:/Programy/Atmel/Studio/7.0/Packs/atmel/ATmega_DFP/1.7.374/gcc/dev/atmega328p/avr5/crtatmega328p.o
                0x000000a2                __vector_22
                0x000000a2                __vector_1
                0x000000a2                __vector_24
                0x000000a2                __vector_12
                0x000000a2                __bad_interrupt
                0x000000a2                __vector_6
                0x000000a2                __vector_3
                0x000000a2                __vector_23
                0x000000a2                __vector_25
                0x000000a2                __vector_11
                0x000000a2                __vector_13
                0x000000a2                __vector_19
                0x000000a2                __vector_7
                0x000000a2                __vector_5
                0x000000a2                __vector_4
                0x000000a2                __vector_9
                0x000000a2                __vector_2
                0x000000a2                __vector_21
                0x000000a2                __vector_8
                0x000000a2                __vector_10
                0x000000a2                __vector_16
                0x000000a6                . = ALIGN (0x2)
 *(.text.*)
 .text.AudioInit
                0x000000a6        0xe audio.o
                0x000000a6                AudioInit
 .text.AudioBeep
                0x000000b4       0x4e audio.o
                0x000000b4                AudioBeep
 .text.CallbackUart
                0x00000102       0x12 main.o
                0x00000102                CallbackUart
 .text.OnConnect
                0x00000114       0x4e main.o
                0x00000114                OnConnect
 .text.OnMotorControl
                0x00000162       0x3e main.o
                0x00000162                OnMotorControl
 .text.OnGetData
                0x000001a0      0x12a main.o
                0x000001a0                OnGetData
 .text.main     0x000002ca       0xf4 main.o
                0x000002ca                main
 .text.__vector_15
                0x000003be       0x8e motor.o
                0x000003be                __vector_15
 .text.__vector_14
                0x0000044c       0x8e motor.o
                0x0000044c                __vector_14
 .text.__vector_18
                0x000004da      0x130 B:\Projekty\RemoteTank\RVC\RVC\Debug\libRVC.a(uart.o)
                0x000004da                __vector_18
 .text.__vector_20
                0x0000060a       0x1e B:\Projekty\RemoteTank\RVC\RVC\Debug\libRVC.a(uart.o)
                0x0000060a                __vector_20
 .text.UartInit
                0x00000628       0x68 B:\Projekty\RemoteTank\RVC\RVC\Debug\libRVC.a(uart.o)
                0x00000628                UartInit
 .text.UartCallbackSet
                0x00000690       0x12 B:\Projekty\RemoteTank\RVC\RVC\Debug\libRVC.a(uart.o)
                0x00000690                UartCallbackSet
 .text.UartByteSend
                0x000006a2       0x12 B:\Projekty\RemoteTank\RVC\RVC\Debug\libRVC.a(uart.o)
                0x000006a2                UartByteSend
 .text.UartArraySend
                0x000006b4       0x38 B:\Projekty\RemoteTank\RVC\RVC\Debug\libRVC.a(uart.o)
                0x000006b4                UartArraySend
 .text.__vector_17
                0x000006ec       0x38 B:\Projekty\RemoteTank\RVC\RVC\Debug\libRVC.a(spi.o)
                0x000006ec                __vector_17
 .text.SpiMasterInit
                0x00000724        0xc B:\Projekty\RemoteTank\RVC\RVC\Debug\libRVC.a(spi.o)
                0x00000724                SpiMasterInit
 .text.SpiSend  0x00000730       0x14 B:\Projekty\RemoteTank\RVC\RVC\Debug\libRVC.a(spi.o)
                0x00000730                SpiSend
 .text.PinSet   0x00000744       0x3a B:\Projekty\RemoteTank\RVC\RVC\Debug\libRVC.a(nrf24.o)
 .text.ToggleFeatures
                0x0000077e       0x28 B:\Projekty\RemoteTank\RVC\RVC\Debug\libRVC.a(nrf24.o)
 .text.WriteCommand
                0x000007a6       0x2e B:\Projekty\RemoteTank\RVC\RVC\Debug\libRVC.a(nrf24.o)
 .text.TxFlush  0x000007d4        0x8 B:\Projekty\RemoteTank\RVC\RVC\Debug\libRVC.a(nrf24.o)
 .text.RxFlush  0x000007dc        0x8 B:\Projekty\RemoteTank\RVC\RVC\Debug\libRVC.a(nrf24.o)
 .text.GetStatus
                0x000007e4        0x8 B:\Projekty\RemoteTank\RVC\RVC\Debug\libRVC.a(nrf24.o)
 .text.WriteRegister
                0x000007ec       0x3a B:\Projekty\RemoteTank\RVC\RVC\Debug\libRVC.a(nrf24.o)
 .text.ReadRegister
                0x00000826       0x32 B:\Projekty\RemoteTank\RVC\RVC\Debug\libRVC.a(nrf24.o)
 .text.Write    0x00000858       0x54 B:\Projekty\RemoteTank\RVC\RVC\Debug\libRVC.a(nrf24.o)
 .text.PowerUp  0x000008ac       0x20 B:\Projekty\RemoteTank\RVC\RVC\Debug\libRVC.a(nrf24.o)
 .text.Nrf24Init
                0x000008cc       0x54 B:\Projekty\RemoteTank\RVC\RVC\Debug\libRVC.a(nrf24.o)
                0x000008cc                Nrf24Init
 .text.Nrf24Begin
                0x00000920      0x108 B:\Projekty\RemoteTank\RVC\RVC\Debug\libRVC.a(nrf24.o)
                0x00000920                Nrf24Begin
 .text.Nrf24OpenWritingPipe
                0x00000a28       0x6a B:\Projekty\RemoteTank\RVC\RVC\Debug\libRVC.a(nrf24.o)
                0x00000a28                Nrf24OpenWritingPipe
 .text.Nrf24OpenReadingPipe
                0x00000a92       0x6c B:\Projekty\RemoteTank\RVC\RVC\Debug\libRVC.a(nrf24.o)
                0x00000a92                Nrf24OpenReadingPipe
 .text.Nrf24StartListening
                0x00000afe       0x5e B:\Projekty\RemoteTank\RVC\RVC\Debug\libRVC.a(nrf24.o)
                0x00000afe                Nrf24StartListening
 .text.Nrf24StopListening
                0x00000b5c       0x4e B:\Projekty\RemoteTank\RVC\RVC\Debug\libRVC.a(nrf24.o)
                0x00000b5c                Nrf24StopListening
 .text.Nrf24Write
                0x00000baa       0xde B:\Projekty\RemoteTank\RVC\RVC\Debug\libRVC.a(nrf24.o)
                0x00000baa                Nrf24Write
 .text.Nrf24Read
                0x00000c88       0xa2 B:\Projekty\RemoteTank\RVC\RVC\Debug\libRVC.a(nrf24.o)
                0x00000c88                Nrf24Read
 .text.Nrf24Available
                0x00000d2a       0x14 B:\Projekty\RemoteTank\RVC\RVC\Debug\libRVC.a(nrf24.o)
                0x00000d2a                Nrf24Available
 .text.CommandInit
                0x00000d3e        0xa B:\Projekty\RemoteTank\RVC\RVC\Debug\libRVC.a(commands.o)
                0x00000d3e                CommandInit
 .text.CommandDestroy
                0x00000d48       0x1e B:\Projekty\RemoteTank\RVC\RVC\Debug\libRVC.a(commands.o)
                0x00000d48                CommandDestroy
 .text.CommandRegisterFunc
                0x00000d66       0x58 B:\Projekty\RemoteTank\RVC\RVC\Debug\libRVC.a(commands.o)
                0x00000d66                CommandRegisterFunc
 .text.CommandProcess
                0x00000dbe       0x54 B:\Projekty\RemoteTank\RVC\RVC\Debug\libRVC.a(commands.o)
                0x00000dbe                CommandProcess
 .text.libgcc.div
                0x00000e12       0x44 b:/programy/atmel/studio/7.0/toolchain/avr8/avr8-gnu-toolchain/bin/../lib/gcc/avr/5.4.0/avr5\libgcc.a(_udivmodsi4.o)
                0x00000e12                __udivmodsi4
 .text.avr-libc
                0x00000e56      0x242 b:/programy/atmel/studio/7.0/toolchain/avr8/avr8-gnu-toolchain/bin/../lib/gcc/avr/5.4.0/../../../../avr/lib/avr5\libc.a(malloc.o)
                0x00000e56                malloc
                0x00000f86                free
 .text.avr-libc
                0x00001098      0x18c b:/programy/atmel/studio/7.0/toolchain/avr8/avr8-gnu-toolchain/bin/../lib/gcc/avr/5.4.0/../../../../avr/lib/avr5\libc.a(realloc.o)
                0x00001098                realloc
 .text.avr-libc
                0x00001224       0x12 b:/programy/atmel/studio/7.0/toolchain/avr8/avr8-gnu-toolchain/bin/../lib/gcc/avr/5.4.0/../../../../avr/lib/avr5\libc.a(memcpy.o)
                0x00001224                memcpy
 .text.libgcc.prologue
                0x00001236       0x38 b:/programy/atmel/studio/7.0/toolchain/avr8/avr8-gnu-toolchain/bin/../lib/gcc/avr/5.4.0/avr5\libgcc.a(_prologue.o)
                0x00001236                __prologue_saves__
 .text.libgcc.prologue
                0x0000126e       0x36 b:/programy/atmel/studio/7.0/toolchain/avr8/avr8-gnu-toolchain/bin/../lib/gcc/avr/5.4.0/avr5\libgcc.a(_epilogue.o)
                0x0000126e                __epilogue_restores__
                0x000012a4                . = ALIGN (0x2)
 *(.fini9)
 .fini9         0x000012a4        0x0 b:/programy/atmel/studio/7.0/toolchain/avr8/avr8-gnu-toolchain/bin/../lib/gcc/avr/5.4.0/avr5\libgcc.a(_exit.o)
                0x000012a4                _exit
                0x000012a4                exit
 *(.fini9)
 *(.fini8)
 *(.fini8)
 *(.fini7)
 *(.fini7)
 *(.fini6)
 *(.fini6)
 *(.fini5)
 *(.fini5)
 *(.fini4)
 *(.fini4)
 *(.fini3)
 *(.fini3)
 *(.fini2)
 *(.fini2)
 *(.fini1)
 *(.fini1)
 *(.fini0)
 .fini0         0x000012a4        0x4 b:/programy/atmel/studio/7.0/toolchain/avr8/avr8-gnu-toolchain/bin/../lib/gcc/avr/5.4.0/avr5\libgcc.a(_exit.o)
 *(.fini0)
                0x000012a8                _etext = .

.data           0x00800100        0x8 load address 0x000012a8
                0x00800100                PROVIDE (__data_start, .)
 *(.data)
 .data          0x00800100        0x6 b:/programy/atmel/studio/7.0/toolchain/avr8/avr8-gnu-toolchain/bin/../lib/gcc/avr/5.4.0/../../../../avr/lib/avr5\libc.a(malloc.o)
                0x00800100                __malloc_heap_end
                0x00800102                __malloc_heap_start
                0x00800104                __malloc_margin
 *(.data*)
 .data.uartTxBusy
                0x00800106        0x1 B:\Projekty\RemoteTank\RVC\RVC\Debug\libRVC.a(uart.o)
 *(.gnu.linkonce.d*)
 *(.rodata)
 *(.rodata*)
 *(.gnu.linkonce.r*)
                0x00800108                . = ALIGN (0x2)
 *fill*         0x00800107        0x1 
                0x00800108                _edata = .
                0x00800108                PROVIDE (__data_end, .)

.bss            0x00800108       0x9e
                0x00800108                PROVIDE (__bss_start, .)
 *(.bss)
 *(.bss*)
 .bss.counter.1628
                0x00800108        0x2 motor.o
 .bss.counter.1620
                0x0080010a        0x2 motor.o
 .bss.nextFactor
                0x0080010c        0x4 motor.o
 .bss.factor    0x00800110        0x4 motor.o
 .bss.rxWritePos.1761
                0x00800114        0x2 B:\Projekty\RemoteTank\RVC\RVC\Debug\libRVC.a(uart.o)
 .bss.callback  0x00800116        0x2 B:\Projekty\RemoteTank\RVC\RVC\Debug\libRVC.a(uart.o)
 .bss.desiredLength
                0x00800118        0x2 B:\Projekty\RemoteTank\RVC\RVC\Debug\libRVC.a(uart.o)
 .bss.rxCount   0x0080011a        0x2 B:\Projekty\RemoteTank\RVC\RVC\Debug\libRVC.a(uart.o)
 .bss.rxBuffer  0x0080011c       0x80 B:\Projekty\RemoteTank\RVC\RVC\Debug\libRVC.a(uart.o)
 .bss.spiTxRxDone
                0x0080019c        0x1 B:\Projekty\RemoteTank\RVC\RVC\Debug\libRVC.a(spi.o)
                0x0080019c                spiTxRxDone
 .bss.spiRxData
                0x0080019d        0x1 B:\Projekty\RemoteTank\RVC\RVC\Debug\libRVC.a(spi.o)
                0x0080019d                spiRxData
 *(COMMON)
 COMMON         0x0080019e        0x4 main.o
                0x0080019e                radioRef
                0x008001a0                commandManagerRef
 COMMON         0x008001a2        0x4 b:/programy/atmel/studio/7.0/toolchain/avr8/avr8-gnu-toolchain/bin/../lib/gcc/avr/5.4.0/../../../../avr/lib/avr5\libc.a(malloc.o)
                0x008001a2                __brkval
                0x008001a4                __flp
                0x008001a6                PROVIDE (__bss_end, .)
                0x000012a8                __data_load_start = LOADADDR (.data)
                0x000012b0                __data_load_end = (__data_load_start + SIZEOF (.data))

.noinit         0x008001a6        0x0
                [!provide]                PROVIDE (__noinit_start, .)
 *(.noinit*)
                [!provide]                PROVIDE (__noinit_end, .)
                0x008001a6                _end = .
                0x008001a6                PROVIDE (__heap_start, .)

.eeprom         0x00810000        0x0
 *(.eeprom*)
                0x00810000                __eeprom_end = .

.fuse
 *(.fuse)
 *(.lfuse)
 *(.hfuse)
 *(.efuse)

.lock
 *(.lock*)

.signature
 *(.signature*)

.user_signatures
 *(.user_signatures*)

.stab
 *(.stab)

.stabstr
 *(.stabstr)

.stab.excl
 *(.stab.excl)

.stab.exclstr
 *(.stab.exclstr)

.stab.index
 *(.stab.index)

.stab.indexstr
 *(.stab.indexstr)

.comment        0x00000000       0x30
 *(.comment)
 .comment       0x00000000       0x30 audio.o
                                 0x31 (size before relaxing)
 .comment       0x00000030       0x31 main.o
 .comment       0x00000030       0x31 motor.o
 .comment       0x00000030       0x31 B:\Projekty\RemoteTank\RVC\RVC\Debug\libRVC.a(uart.o)
 .comment       0x00000030       0x31 B:\Projekty\RemoteTank\RVC\RVC\Debug\libRVC.a(spi.o)
 .comment       0x00000030       0x31 B:\Projekty\RemoteTank\RVC\RVC\Debug\libRVC.a(nrf24.o)
 .comment       0x00000030       0x31 B:\Projekty\RemoteTank\RVC\RVC\Debug\libRVC.a(commands.o)
 .comment       0x00000030       0x31 b:/programy/atmel/studio/7.0/toolchain/avr8/avr8-gnu-toolchain/bin/../lib/gcc/avr/5.4.0/../../../../avr/lib/avr5\libc.a(malloc.o)
 .comment       0x00000030       0x31 b:/programy/atmel/studio/7.0/toolchain/avr8/avr8-gnu-toolchain/bin/../lib/gcc/avr/5.4.0/../../../../avr/lib/avr5\libc.a(realloc.o)

.note.gnu.avr.deviceinfo
                0x00000000       0x40
 .note.gnu.avr.deviceinfo
                0x00000000       0x40 B:/Programy/Atmel/Studio/7.0/Packs/atmel/ATmega_DFP/1.7.374/gcc/dev/atmega328p/avr5/crtatmega328p.o

.note.gnu.build-id
 *(.note.gnu.build-id)

.debug
 *(.debug)

.line
 *(.line)

.debug_srcinfo
 *(.debug_srcinfo)

.debug_sfnames
 *(.debug_sfnames)

.debug_aranges  0x00000000      0x248
 *(.debug_aranges)
 .debug_aranges
                0x00000000       0x28 audio.o
 .debug_aranges
                0x00000028       0x40 main.o
 .debug_aranges
                0x00000068       0x40 motor.o
 .debug_aranges
                0x000000a8       0x60 B:\Projekty\RemoteTank\RVC\RVC\Debug\libRVC.a(uart.o)
 .debug_aranges
                0x00000108       0x38 B:\Projekty\RemoteTank\RVC\RVC\Debug\libRVC.a(spi.o)
 .debug_aranges
                0x00000140       0xc8 B:\Projekty\RemoteTank\RVC\RVC\Debug\libRVC.a(nrf24.o)
 .debug_aranges
                0x00000208       0x40 B:\Projekty\RemoteTank\RVC\RVC\Debug\libRVC.a(commands.o)

.debug_pubnames
 *(.debug_pubnames)

.debug_info     0x00000000     0x2aed
 *(.debug_info .gnu.linkonce.wi.*)
 .debug_info    0x00000000      0x5f4 B:/Programy/Atmel/Studio/7.0/Packs/atmel/ATmega_DFP/1.7.374/gcc/dev/atmega328p/avr5/crtatmega328p.o
 .debug_info    0x000005f4      0x178 audio.o
 .debug_info    0x0000076c      0x833 main.o
 .debug_info    0x00000f9f      0x26f motor.o
 .debug_info    0x0000120e      0x396 B:\Projekty\RemoteTank\RVC\RVC\Debug\libRVC.a(uart.o)
 .debug_info    0x000015a4      0x129 B:\Projekty\RemoteTank\RVC\RVC\Debug\libRVC.a(spi.o)
 .debug_info    0x000016cd     0x10c0 B:\Projekty\RemoteTank\RVC\RVC\Debug\libRVC.a(nrf24.o)
 .debug_info    0x0000278d      0x360 B:\Projekty\RemoteTank\RVC\RVC\Debug\libRVC.a(commands.o)

.debug_abbrev   0x00000000     0x1015
 *(.debug_abbrev)
 .debug_abbrev  0x00000000      0x5a2 B:/Programy/Atmel/Studio/7.0/Packs/atmel/ATmega_DFP/1.7.374/gcc/dev/atmega328p/avr5/crtatmega328p.o
 .debug_abbrev  0x000005a2       0xfc audio.o
 .debug_abbrev  0x0000069e      0x172 main.o
 .debug_abbrev  0x00000810      0x125 motor.o
 .debug_abbrev  0x00000935      0x1bc B:\Projekty\RemoteTank\RVC\RVC\Debug\libRVC.a(uart.o)
 .debug_abbrev  0x00000af1       0xd5 B:\Projekty\RemoteTank\RVC\RVC\Debug\libRVC.a(spi.o)
 .debug_abbrev  0x00000bc6      0x2f7 B:\Projekty\RemoteTank\RVC\RVC\Debug\libRVC.a(nrf24.o)
 .debug_abbrev  0x00000ebd      0x158 B:\Projekty\RemoteTank\RVC\RVC\Debug\libRVC.a(commands.o)

.debug_line     0x00000000     0x12ae
 *(.debug_line .debug_line.* .debug_line_end)
 .debug_line    0x00000000      0x134 B:/Programy/Atmel/Studio/7.0/Packs/atmel/ATmega_DFP/1.7.374/gcc/dev/atmega328p/avr5/crtatmega328p.o
 .debug_line    0x00000134      0x154 audio.o
 .debug_line    0x00000288      0x264 main.o
 .debug_line    0x000004ec      0x1fc motor.o
 .debug_line    0x000006e8      0x24b B:\Projekty\RemoteTank\RVC\RVC\Debug\libRVC.a(uart.o)
 .debug_line    0x00000933      0x129 B:\Projekty\RemoteTank\RVC\RVC\Debug\libRVC.a(spi.o)
 .debug_line    0x00000a5c      0x6aa B:\Projekty\RemoteTank\RVC\RVC\Debug\libRVC.a(nrf24.o)
 .debug_line    0x00001106      0x1a8 B:\Projekty\RemoteTank\RVC\RVC\Debug\libRVC.a(commands.o)

.debug_frame    0x00000000      0x6d8
 *(.debug_frame)
 .debug_frame   0x00000000       0x34 audio.o
 .debug_frame   0x00000034       0xc0 main.o
 .debug_frame   0x000000f4       0xa4 motor.o
 .debug_frame   0x00000198      0x164 B:\Projekty\RemoteTank\RVC\RVC\Debug\libRVC.a(uart.o)
 .debug_frame   0x000002fc       0x64 B:\Projekty\RemoteTank\RVC\RVC\Debug\libRVC.a(spi.o)
 .debug_frame   0x00000360      0x2cc B:\Projekty\RemoteTank\RVC\RVC\Debug\libRVC.a(nrf24.o)
 .debug_frame   0x0000062c       0xac B:\Projekty\RemoteTank\RVC\RVC\Debug\libRVC.a(commands.o)

.debug_str      0x00000000      0x9d7
 *(.debug_str)
 .debug_str     0x00000000      0x208 B:/Programy/Atmel/Studio/7.0/Packs/atmel/ATmega_DFP/1.7.374/gcc/dev/atmega328p/avr5/crtatmega328p.o
 .debug_str     0x00000208      0x1a8 audio.o
                                0x1dc (size before relaxing)
 .debug_str     0x000003b0      0x2f1 main.o
                                0x488 (size before relaxing)
 .debug_str     0x000006a1       0xc9 motor.o
                                0x23b (size before relaxing)
 .debug_str     0x0000076a      0x10f B:\Projekty\RemoteTank\RVC\RVC\Debug\libRVC.a(uart.o)
                                0x27d (size before relaxing)
 .debug_str     0x00000879       0x43 B:\Projekty\RemoteTank\RVC\RVC\Debug\libRVC.a(spi.o)
                                0x195 (size before relaxing)
 .debug_str     0x000008bc       0xe9 B:\Projekty\RemoteTank\RVC\RVC\Debug\libRVC.a(nrf24.o)
                                0x3df (size before relaxing)
 .debug_str     0x000009a5       0x32 B:\Projekty\RemoteTank\RVC\RVC\Debug\libRVC.a(commands.o)
                                0x27e (size before relaxing)

.debug_loc      0x00000000     0x1d80
 *(.debug_loc)
 .debug_loc     0x00000000       0xdc audio.o
 .debug_loc     0x000000dc      0x36e main.o
 .debug_loc     0x0000044a      0x1b9 motor.o
 .debug_loc     0x00000603      0x3b5 B:\Projekty\RemoteTank\RVC\RVC\Debug\libRVC.a(uart.o)
 .debug_loc     0x000009b8       0xcf B:\Projekty\RemoteTank\RVC\RVC\Debug\libRVC.a(spi.o)
 .debug_loc     0x00000a87      0xf2e B:\Projekty\RemoteTank\RVC\RVC\Debug\libRVC.a(nrf24.o)
 .debug_loc     0x000019b5      0x3cb B:\Projekty\RemoteTank\RVC\RVC\Debug\libRVC.a(commands.o)

.debug_macinfo
 *(.debug_macinfo)

.debug_weaknames
 *(.debug_weaknames)

.debug_funcnames
 *(.debug_funcnames)

.debug_typenames
 *(.debug_typenames)

.debug_varnames
 *(.debug_varnames)

.debug_pubtypes
 *(.debug_pubtypes)

.debug_ranges   0x00000000      0x1d8
 *(.debug_ranges)
 .debug_ranges  0x00000000       0x18 audio.o
 .debug_ranges  0x00000018       0x30 main.o
 .debug_ranges  0x00000048       0x30 motor.o
 .debug_ranges  0x00000078       0x50 B:\Projekty\RemoteTank\RVC\RVC\Debug\libRVC.a(uart.o)
 .debug_ranges  0x000000c8       0x28 B:\Projekty\RemoteTank\RVC\RVC\Debug\libRVC.a(spi.o)
 .debug_ranges  0x000000f0       0xb8 B:\Projekty\RemoteTank\RVC\RVC\Debug\libRVC.a(nrf24.o)
 .debug_ranges  0x000001a8       0x30 B:\Projekty\RemoteTank\RVC\RVC\Debug\libRVC.a(commands.o)

.debug_macro
 *(.debug_macro)
OUTPUT(TransmitterCode.elf elf32-avr)
LOAD linker stubs
