Archive member included to satisfy reference by file (symbol)

B:\Projekty\RemoteTank\RVC\RVC\Debug\libRVC.a(uart.o)
                              main.o (UartInit)
b:/programy/atmel/studio/7.0/toolchain/avr8/avr8-gnu-toolchain/bin/../lib/gcc/avr/5.4.0/avr5\libgcc.a(_udivmodsi4.o)
                              B:\Projekty\RemoteTank\RVC\RVC\Debug\libRVC.a(uart.o) (__udivmodsi4)
b:/programy/atmel/studio/7.0/toolchain/avr8/avr8-gnu-toolchain/bin/../lib/gcc/avr/5.4.0/avr5\libgcc.a(_exit.o)
                              B:/Programy/Atmel/Studio/7.0/Packs/atmel/ATmega_DFP/1.7.374/gcc/dev/atmega328p/avr5/crtatmega328p.o (exit)
b:/programy/atmel/studio/7.0/toolchain/avr8/avr8-gnu-toolchain/bin/../lib/gcc/avr/5.4.0/avr5\libgcc.a(_copy_data.o)
                              main.o (__do_copy_data)
b:/programy/atmel/studio/7.0/toolchain/avr8/avr8-gnu-toolchain/bin/../lib/gcc/avr/5.4.0/avr5\libgcc.a(_clear_bss.o)
                              main.o (__do_clear_bss)
b:/programy/atmel/studio/7.0/toolchain/avr8/avr8-gnu-toolchain/bin/../lib/gcc/avr/5.4.0/avr5\libgcc.a(_muluhisi3.o)
                              B:\Projekty\RemoteTank\RVC\RVC\Debug\libRVC.a(uart.o) (__muluhisi3)
b:/programy/atmel/studio/7.0/toolchain/avr8/avr8-gnu-toolchain/bin/../lib/gcc/avr/5.4.0/avr5\libgcc.a(_umulhisi3.o)
                              b:/programy/atmel/studio/7.0/toolchain/avr8/avr8-gnu-toolchain/bin/../lib/gcc/avr/5.4.0/avr5\libgcc.a(_muluhisi3.o) (__umulhisi3)
b:/programy/atmel/studio/7.0/toolchain/avr8/avr8-gnu-toolchain/bin/../lib/gcc/avr/5.4.0/../../../../avr/lib/avr5\libc.a(memcpy.o)
                              B:\Projekty\RemoteTank\RVC\RVC\Debug\libRVC.a(uart.o) (memcpy)

Allocating common symbols
Common symbol       size              file

radio               0x2               main.o

Discarded input sections

 .data          0x00000000        0x0 B:/Programy/Atmel/Studio/7.0/Packs/atmel/ATmega_DFP/1.7.374/gcc/dev/atmega328p/avr5/crtatmega328p.o
 .bss           0x00000000        0x0 B:/Programy/Atmel/Studio/7.0/Packs/atmel/ATmega_DFP/1.7.374/gcc/dev/atmega328p/avr5/crtatmega328p.o
 .text          0x00000000        0x0 audio.o
 .data          0x00000000        0x0 audio.o
 .bss           0x00000000        0x0 audio.o
 .text          0x00000000        0x0 main.o
 .data          0x00000000        0x0 main.o
 .bss           0x00000000        0x0 main.o
 .text.CallbackUart
                0x00000000       0xca main.o
 .rodata.pipe   0x00000000        0x8 main.o
 COMMON         0x00000000        0x2 main.o
 .text          0x00000000        0x0 nrf24.o
 .data          0x00000000        0x0 nrf24.o
 .bss           0x00000000        0x0 nrf24.o
 .text.PinSet   0x00000000       0x3a nrf24.o
 .text.ToggleFeatures
                0x00000000       0x28 nrf24.o
 .text.WriteCommand
                0x00000000       0x2e nrf24.o
 .text.TxFlush  0x00000000        0x8 nrf24.o
 .text.RxFlush  0x00000000        0x8 nrf24.o
 .text.GetStatus
                0x00000000        0x8 nrf24.o
 .text.WriteRegister
                0x00000000       0x3a nrf24.o
 .text.ReadRegister
                0x00000000       0x32 nrf24.o
 .text.Write    0x00000000       0x54 nrf24.o
 .text.PowerUp  0x00000000       0x20 nrf24.o
 .text.ISR      0x00000000        0x2 nrf24.o
 .text.Read     0x00000000       0x5e nrf24.o
 .text.Nrf24Init
                0x00000000       0x54 nrf24.o
 .text.Nrf24Begin
                0x00000000      0x108 nrf24.o
 .text.Nrf24OpenWritingPipe
                0x00000000       0x6a nrf24.o
 .text.Nrf24OpenReadingPipe
                0x00000000       0x6c nrf24.o
 .text.Nrf24StartListening
                0x00000000       0x5e nrf24.o
 .text.Nrf24StopListening
                0x00000000       0x4e nrf24.o
 .text.Nrf24Write
                0x00000000       0xde nrf24.o
 .text.Nrf24Read
                0x00000000       0xa2 nrf24.o
 .text.Nrf24Available
                0x00000000       0x14 nrf24.o
 .text.Nrf24RxFifoEmpty
                0x00000000        0xa nrf24.o
 .debug_info    0x00000000     0x10c0 nrf24.o
 .debug_abbrev  0x00000000      0x2f7 nrf24.o
 .debug_loc     0x00000000      0xf2e nrf24.o
 .debug_aranges
                0x00000000       0xc8 nrf24.o
 .debug_ranges  0x00000000       0xb8 nrf24.o
 .debug_line    0x00000000      0x6aa nrf24.o
 .debug_str     0x00000000      0x409 nrf24.o
 .comment       0x00000000       0x31 nrf24.o
 .debug_frame   0x00000000      0x2cc nrf24.o
 .text          0x00000000        0x0 motor.o
 .data          0x00000000        0x0 motor.o
 .bss           0x00000000        0x0 motor.o
 .text.MotorInit
                0x00000000       0x36 motor.o
 .text.MotorSetValue
                0x00000000        0xc motor.o
 .text          0x00000000        0x0 spi.o
 .data          0x00000000        0x0 spi.o
 .bss           0x00000000        0x0 spi.o
 .text.SpiMasterInit
                0x00000000        0xc spi.o
 .text.SpiSend  0x00000000       0x14 spi.o
 .text.SpiCSSet
                0x00000000       0x3a spi.o
 .text          0x00000000        0x0 B:\Projekty\RemoteTank\RVC\RVC\Debug\libRVC.a(uart.o)
 .data          0x00000000        0x0 B:\Projekty\RemoteTank\RVC\RVC\Debug\libRVC.a(uart.o)
 .bss           0x00000000        0x0 B:\Projekty\RemoteTank\RVC\RVC\Debug\libRVC.a(uart.o)
 .text.UartCallbackSet
                0x00000000       0x12 B:\Projekty\RemoteTank\RVC\RVC\Debug\libRVC.a(uart.o)
 .text.UartByteSend
                0x00000000       0x12 B:\Projekty\RemoteTank\RVC\RVC\Debug\libRVC.a(uart.o)
 .text.UartArraySend
                0x00000000       0x38 B:\Projekty\RemoteTank\RVC\RVC\Debug\libRVC.a(uart.o)
 .text.UartStringSend
                0x00000000       0x36 B:\Projekty\RemoteTank\RVC\RVC\Debug\libRVC.a(uart.o)
 .text          0x00000000        0x0 b:/programy/atmel/studio/7.0/toolchain/avr8/avr8-gnu-toolchain/bin/../lib/gcc/avr/5.4.0/avr5\libgcc.a(_udivmodsi4.o)
 .data          0x00000000        0x0 b:/programy/atmel/studio/7.0/toolchain/avr8/avr8-gnu-toolchain/bin/../lib/gcc/avr/5.4.0/avr5\libgcc.a(_udivmodsi4.o)
 .bss           0x00000000        0x0 b:/programy/atmel/studio/7.0/toolchain/avr8/avr8-gnu-toolchain/bin/../lib/gcc/avr/5.4.0/avr5\libgcc.a(_udivmodsi4.o)
 .text.libgcc.mul
                0x00000000        0x0 b:/programy/atmel/studio/7.0/toolchain/avr8/avr8-gnu-toolchain/bin/../lib/gcc/avr/5.4.0/avr5\libgcc.a(_udivmodsi4.o)
 .text.libgcc   0x00000000        0x0 b:/programy/atmel/studio/7.0/toolchain/avr8/avr8-gnu-toolchain/bin/../lib/gcc/avr/5.4.0/avr5\libgcc.a(_udivmodsi4.o)
 .text.libgcc.prologue
                0x00000000        0x0 b:/programy/atmel/studio/7.0/toolchain/avr8/avr8-gnu-toolchain/bin/../lib/gcc/avr/5.4.0/avr5\libgcc.a(_udivmodsi4.o)
 .text.libgcc.builtins
                0x00000000        0x0 b:/programy/atmel/studio/7.0/toolchain/avr8/avr8-gnu-toolchain/bin/../lib/gcc/avr/5.4.0/avr5\libgcc.a(_udivmodsi4.o)
 .text.libgcc.fmul
                0x00000000        0x0 b:/programy/atmel/studio/7.0/toolchain/avr8/avr8-gnu-toolchain/bin/../lib/gcc/avr/5.4.0/avr5\libgcc.a(_udivmodsi4.o)
 .text.libgcc.fixed
                0x00000000        0x0 b:/programy/atmel/studio/7.0/toolchain/avr8/avr8-gnu-toolchain/bin/../lib/gcc/avr/5.4.0/avr5\libgcc.a(_udivmodsi4.o)
 .text          0x00000000        0x0 b:/programy/atmel/studio/7.0/toolchain/avr8/avr8-gnu-toolchain/bin/../lib/gcc/avr/5.4.0/avr5\libgcc.a(_exit.o)
 .data          0x00000000        0x0 b:/programy/atmel/studio/7.0/toolchain/avr8/avr8-gnu-toolchain/bin/../lib/gcc/avr/5.4.0/avr5\libgcc.a(_exit.o)
 .bss           0x00000000        0x0 b:/programy/atmel/studio/7.0/toolchain/avr8/avr8-gnu-toolchain/bin/../lib/gcc/avr/5.4.0/avr5\libgcc.a(_exit.o)
 .text.libgcc.mul
                0x00000000        0x0 b:/programy/atmel/studio/7.0/toolchain/avr8/avr8-gnu-toolchain/bin/../lib/gcc/avr/5.4.0/avr5\libgcc.a(_exit.o)
 .text.libgcc.div
                0x00000000        0x0 b:/programy/atmel/studio/7.0/toolchain/avr8/avr8-gnu-toolchain/bin/../lib/gcc/avr/5.4.0/avr5\libgcc.a(_exit.o)
 .text.libgcc   0x00000000        0x0 b:/programy/atmel/studio/7.0/toolchain/avr8/avr8-gnu-toolchain/bin/../lib/gcc/avr/5.4.0/avr5\libgcc.a(_exit.o)
 .text.libgcc.prologue
                0x00000000        0x0 b:/programy/atmel/studio/7.0/toolchain/avr8/avr8-gnu-toolchain/bin/../lib/gcc/avr/5.4.0/avr5\libgcc.a(_exit.o)
 .text.libgcc.builtins
                0x00000000        0x0 b:/programy/atmel/studio/7.0/toolchain/avr8/avr8-gnu-toolchain/bin/../lib/gcc/avr/5.4.0/avr5\libgcc.a(_exit.o)
 .text.libgcc.fmul
                0x00000000        0x0 b:/programy/atmel/studio/7.0/toolchain/avr8/avr8-gnu-toolchain/bin/../lib/gcc/avr/5.4.0/avr5\libgcc.a(_exit.o)
 .text.libgcc.fixed
                0x00000000        0x0 b:/programy/atmel/studio/7.0/toolchain/avr8/avr8-gnu-toolchain/bin/../lib/gcc/avr/5.4.0/avr5\libgcc.a(_exit.o)
 .text          0x00000000        0x0 b:/programy/atmel/studio/7.0/toolchain/avr8/avr8-gnu-toolchain/bin/../lib/gcc/avr/5.4.0/avr5\libgcc.a(_copy_data.o)
 .data          0x00000000        0x0 b:/programy/atmel/studio/7.0/toolchain/avr8/avr8-gnu-toolchain/bin/../lib/gcc/avr/5.4.0/avr5\libgcc.a(_copy_data.o)
 .bss           0x00000000        0x0 b:/programy/atmel/studio/7.0/toolchain/avr8/avr8-gnu-toolchain/bin/../lib/gcc/avr/5.4.0/avr5\libgcc.a(_copy_data.o)
 .text.libgcc.mul
                0x00000000        0x0 b:/programy/atmel/studio/7.0/toolchain/avr8/avr8-gnu-toolchain/bin/../lib/gcc/avr/5.4.0/avr5\libgcc.a(_copy_data.o)
 .text.libgcc.div
                0x00000000        0x0 b:/programy/atmel/studio/7.0/toolchain/avr8/avr8-gnu-toolchain/bin/../lib/gcc/avr/5.4.0/avr5\libgcc.a(_copy_data.o)
 .text.libgcc   0x00000000        0x0 b:/programy/atmel/studio/7.0/toolchain/avr8/avr8-gnu-toolchain/bin/../lib/gcc/avr/5.4.0/avr5\libgcc.a(_copy_data.o)
 .text.libgcc.prologue
                0x00000000        0x0 b:/programy/atmel/studio/7.0/toolchain/avr8/avr8-gnu-toolchain/bin/../lib/gcc/avr/5.4.0/avr5\libgcc.a(_copy_data.o)
 .text.libgcc.builtins
                0x00000000        0x0 b:/programy/atmel/studio/7.0/toolchain/avr8/avr8-gnu-toolchain/bin/../lib/gcc/avr/5.4.0/avr5\libgcc.a(_copy_data.o)
 .text.libgcc.fmul
                0x00000000        0x0 b:/programy/atmel/studio/7.0/toolchain/avr8/avr8-gnu-toolchain/bin/../lib/gcc/avr/5.4.0/avr5\libgcc.a(_copy_data.o)
 .text.libgcc.fixed
                0x00000000        0x0 b:/programy/atmel/studio/7.0/toolchain/avr8/avr8-gnu-toolchain/bin/../lib/gcc/avr/5.4.0/avr5\libgcc.a(_copy_data.o)
 .text          0x00000000        0x0 b:/programy/atmel/studio/7.0/toolchain/avr8/avr8-gnu-toolchain/bin/../lib/gcc/avr/5.4.0/avr5\libgcc.a(_clear_bss.o)
 .data          0x00000000        0x0 b:/programy/atmel/studio/7.0/toolchain/avr8/avr8-gnu-toolchain/bin/../lib/gcc/avr/5.4.0/avr5\libgcc.a(_clear_bss.o)
 .bss           0x00000000        0x0 b:/programy/atmel/studio/7.0/toolchain/avr8/avr8-gnu-toolchain/bin/../lib/gcc/avr/5.4.0/avr5\libgcc.a(_clear_bss.o)
 .text.libgcc.mul
                0x00000000        0x0 b:/programy/atmel/studio/7.0/toolchain/avr8/avr8-gnu-toolchain/bin/../lib/gcc/avr/5.4.0/avr5\libgcc.a(_clear_bss.o)
 .text.libgcc.div
                0x00000000        0x0 b:/programy/atmel/studio/7.0/toolchain/avr8/avr8-gnu-toolchain/bin/../lib/gcc/avr/5.4.0/avr5\libgcc.a(_clear_bss.o)
 .text.libgcc   0x00000000        0x0 b:/programy/atmel/studio/7.0/toolchain/avr8/avr8-gnu-toolchain/bin/../lib/gcc/avr/5.4.0/avr5\libgcc.a(_clear_bss.o)
 .text.libgcc.prologue
                0x00000000        0x0 b:/programy/atmel/studio/7.0/toolchain/avr8/avr8-gnu-toolchain/bin/../lib/gcc/avr/5.4.0/avr5\libgcc.a(_clear_bss.o)
 .text.libgcc.builtins
                0x00000000        0x0 b:/programy/atmel/studio/7.0/toolchain/avr8/avr8-gnu-toolchain/bin/../lib/gcc/avr/5.4.0/avr5\libgcc.a(_clear_bss.o)
 .text.libgcc.fmul
                0x00000000        0x0 b:/programy/atmel/studio/7.0/toolchain/avr8/avr8-gnu-toolchain/bin/../lib/gcc/avr/5.4.0/avr5\libgcc.a(_clear_bss.o)
 .text.libgcc.fixed
                0x00000000        0x0 b:/programy/atmel/studio/7.0/toolchain/avr8/avr8-gnu-toolchain/bin/../lib/gcc/avr/5.4.0/avr5\libgcc.a(_clear_bss.o)
 .text          0x00000000        0x0 b:/programy/atmel/studio/7.0/toolchain/avr8/avr8-gnu-toolchain/bin/../lib/gcc/avr/5.4.0/avr5\libgcc.a(_muluhisi3.o)
 .data          0x00000000        0x0 b:/programy/atmel/studio/7.0/toolchain/avr8/avr8-gnu-toolchain/bin/../lib/gcc/avr/5.4.0/avr5\libgcc.a(_muluhisi3.o)
 .bss           0x00000000        0x0 b:/programy/atmel/studio/7.0/toolchain/avr8/avr8-gnu-toolchain/bin/../lib/gcc/avr/5.4.0/avr5\libgcc.a(_muluhisi3.o)
 .text.libgcc.div
                0x00000000        0x0 b:/programy/atmel/studio/7.0/toolchain/avr8/avr8-gnu-toolchain/bin/../lib/gcc/avr/5.4.0/avr5\libgcc.a(_muluhisi3.o)
 .text.libgcc   0x00000000        0x0 b:/programy/atmel/studio/7.0/toolchain/avr8/avr8-gnu-toolchain/bin/../lib/gcc/avr/5.4.0/avr5\libgcc.a(_muluhisi3.o)
 .text.libgcc.prologue
                0x00000000        0x0 b:/programy/atmel/studio/7.0/toolchain/avr8/avr8-gnu-toolchain/bin/../lib/gcc/avr/5.4.0/avr5\libgcc.a(_muluhisi3.o)
 .text.libgcc.builtins
                0x00000000        0x0 b:/programy/atmel/studio/7.0/toolchain/avr8/avr8-gnu-toolchain/bin/../lib/gcc/avr/5.4.0/avr5\libgcc.a(_muluhisi3.o)
 .text.libgcc.fmul
                0x00000000        0x0 b:/programy/atmel/studio/7.0/toolchain/avr8/avr8-gnu-toolchain/bin/../lib/gcc/avr/5.4.0/avr5\libgcc.a(_muluhisi3.o)
 .text.libgcc.fixed
                0x00000000        0x0 b:/programy/atmel/studio/7.0/toolchain/avr8/avr8-gnu-toolchain/bin/../lib/gcc/avr/5.4.0/avr5\libgcc.a(_muluhisi3.o)
 .text          0x00000000        0x0 b:/programy/atmel/studio/7.0/toolchain/avr8/avr8-gnu-toolchain/bin/../lib/gcc/avr/5.4.0/avr5\libgcc.a(_umulhisi3.o)
 .data          0x00000000        0x0 b:/programy/atmel/studio/7.0/toolchain/avr8/avr8-gnu-toolchain/bin/../lib/gcc/avr/5.4.0/avr5\libgcc.a(_umulhisi3.o)
 .bss           0x00000000        0x0 b:/programy/atmel/studio/7.0/toolchain/avr8/avr8-gnu-toolchain/bin/../lib/gcc/avr/5.4.0/avr5\libgcc.a(_umulhisi3.o)
 .text.libgcc.div
                0x00000000        0x0 b:/programy/atmel/studio/7.0/toolchain/avr8/avr8-gnu-toolchain/bin/../lib/gcc/avr/5.4.0/avr5\libgcc.a(_umulhisi3.o)
 .text.libgcc   0x00000000        0x0 b:/programy/atmel/studio/7.0/toolchain/avr8/avr8-gnu-toolchain/bin/../lib/gcc/avr/5.4.0/avr5\libgcc.a(_umulhisi3.o)
 .text.libgcc.prologue
                0x00000000        0x0 b:/programy/atmel/studio/7.0/toolchain/avr8/avr8-gnu-toolchain/bin/../lib/gcc/avr/5.4.0/avr5\libgcc.a(_umulhisi3.o)
 .text.libgcc.builtins
                0x00000000        0x0 b:/programy/atmel/studio/7.0/toolchain/avr8/avr8-gnu-toolchain/bin/../lib/gcc/avr/5.4.0/avr5\libgcc.a(_umulhisi3.o)
 .text.libgcc.fmul
                0x00000000        0x0 b:/programy/atmel/studio/7.0/toolchain/avr8/avr8-gnu-toolchain/bin/../lib/gcc/avr/5.4.0/avr5\libgcc.a(_umulhisi3.o)
 .text.libgcc.fixed
                0x00000000        0x0 b:/programy/atmel/studio/7.0/toolchain/avr8/avr8-gnu-toolchain/bin/../lib/gcc/avr/5.4.0/avr5\libgcc.a(_umulhisi3.o)
 .text          0x00000000        0x0 b:/programy/atmel/studio/7.0/toolchain/avr8/avr8-gnu-toolchain/bin/../lib/gcc/avr/5.4.0/../../../../avr/lib/avr5\libc.a(memcpy.o)
 .data          0x00000000        0x0 b:/programy/atmel/studio/7.0/toolchain/avr8/avr8-gnu-toolchain/bin/../lib/gcc/avr/5.4.0/../../../../avr/lib/avr5\libc.a(memcpy.o)
 .bss           0x00000000        0x0 b:/programy/atmel/studio/7.0/toolchain/avr8/avr8-gnu-toolchain/bin/../lib/gcc/avr/5.4.0/../../../../avr/lib/avr5\libc.a(memcpy.o)

Memory Configuration

Name             Origin             Length             Attributes
text             0x00000000         0x00008000         xr
data             0x00800100         0x00000800         rw !x
eeprom           0x00810000         0x00000400         rw !x
fuse             0x00820000         0x00000003         rw !x
lock             0x00830000         0x00000400         rw !x
signature        0x00840000         0x00000400         rw !x
user_signatures  0x00850000         0x00000400         rw !x
*default*        0x00000000         0xffffffff

Linker script and memory map

Address of section .data set to 0x800100
LOAD B:/Programy/Atmel/Studio/7.0/Packs/atmel/ATmega_DFP/1.7.374/gcc/dev/atmega328p/avr5/crtatmega328p.o
LOAD audio.o
LOAD main.o
LOAD nrf24.o
LOAD motor.o
LOAD spi.o
START GROUP
LOAD b:/programy/atmel/studio/7.0/toolchain/avr8/avr8-gnu-toolchain/bin/../lib/gcc/avr/5.4.0/../../../../avr/lib/avr5\libm.a
LOAD B:\Projekty\RemoteTank\RVC\RVC\Debug\libRVC.a
END GROUP
START GROUP
LOAD b:/programy/atmel/studio/7.0/toolchain/avr8/avr8-gnu-toolchain/bin/../lib/gcc/avr/5.4.0/avr5\libgcc.a
LOAD b:/programy/atmel/studio/7.0/toolchain/avr8/avr8-gnu-toolchain/bin/../lib/gcc/avr/5.4.0/../../../../avr/lib/avr5\libm.a
LOAD b:/programy/atmel/studio/7.0/toolchain/avr8/avr8-gnu-toolchain/bin/../lib/gcc/avr/5.4.0/../../../../avr/lib/avr5\libc.a
LOAD B:/Programy/Atmel/Studio/7.0/Packs/atmel/ATmega_DFP/1.7.374/gcc/dev/atmega328p/avr5\libatmega328p.a
END GROUP
                0x00000000                __TEXT_REGION_ORIGIN__ = DEFINED (__TEXT_REGION_ORIGIN__)?__TEXT_REGION_ORIGIN__:0x0
                [0x00800100]                __DATA_REGION_ORIGIN__ = DEFINED (__DATA_REGION_ORIGIN__)?__DATA_REGION_ORIGIN__:0x800060
                [0x00008000]                __TEXT_REGION_LENGTH__ = DEFINED (__TEXT_REGION_LENGTH__)?__TEXT_REGION_LENGTH__:0x20000
                [0x00000800]                __DATA_REGION_LENGTH__ = DEFINED (__DATA_REGION_LENGTH__)?__DATA_REGION_LENGTH__:0xffa0
                [0x00000400]                __EEPROM_REGION_LENGTH__ = DEFINED (__EEPROM_REGION_LENGTH__)?__EEPROM_REGION_LENGTH__:0x10000
                [0x00000003]                __FUSE_REGION_LENGTH__ = DEFINED (__FUSE_REGION_LENGTH__)?__FUSE_REGION_LENGTH__:0x400
                0x00000400                __LOCK_REGION_LENGTH__ = DEFINED (__LOCK_REGION_LENGTH__)?__LOCK_REGION_LENGTH__:0x400
                0x00000400                __SIGNATURE_REGION_LENGTH__ = DEFINED (__SIGNATURE_REGION_LENGTH__)?__SIGNATURE_REGION_LENGTH__:0x400
                0x00000400                __USER_SIGNATURE_REGION_LENGTH__ = DEFINED (__USER_SIGNATURE_REGION_LENGTH__)?__USER_SIGNATURE_REGION_LENGTH__:0x400

.hash
 *(.hash)

.dynsym
 *(.dynsym)

.dynstr
 *(.dynstr)

.gnu.version
 *(.gnu.version)

.gnu.version_d
 *(.gnu.version_d)

.gnu.version_r
 *(.gnu.version_r)

.rel.init
 *(.rel.init)

.rela.init
 *(.rela.init)

.rel.text
 *(.rel.text)
 *(.rel.text.*)
 *(.rel.gnu.linkonce.t*)

.rela.text
 *(.rela.text)
 *(.rela.text.*)
 *(.rela.gnu.linkonce.t*)

.rel.fini
 *(.rel.fini)

.rela.fini
 *(.rela.fini)

.rel.rodata
 *(.rel.rodata)
 *(.rel.rodata.*)
 *(.rel.gnu.linkonce.r*)

.rela.rodata
 *(.rela.rodata)
 *(.rela.rodata.*)
 *(.rela.gnu.linkonce.r*)

.rel.data
 *(.rel.data)
 *(.rel.data.*)
 *(.rel.gnu.linkonce.d*)

.rela.data
 *(.rela.data)
 *(.rela.data.*)
 *(.rela.gnu.linkonce.d*)

.rel.ctors
 *(.rel.ctors)

.rela.ctors
 *(.rela.ctors)

.rel.dtors
 *(.rel.dtors)

.rela.dtors
 *(.rela.dtors)

.rel.got
 *(.rel.got)

.rela.got
 *(.rela.got)

.rel.bss
 *(.rel.bss)

.rela.bss
 *(.rela.bss)

.rel.plt
 *(.rel.plt)

.rela.plt
 *(.rela.plt)

.text           0x00000000      0x4f2
 *(.vectors)
 .vectors       0x00000000       0x68 B:/Programy/Atmel/Studio/7.0/Packs/atmel/ATmega_DFP/1.7.374/gcc/dev/atmega328p/avr5/crtatmega328p.o
                0x00000000                __vector_default
                0x00000000                __vectors
 *(.vectors)
 *(.progmem.gcc*)
                0x00000068                . = ALIGN (0x2)
                0x00000068                __trampolines_start = .
 *(.trampolines)
 .trampolines   0x00000068        0x0 linker stubs
 *(.trampolines*)
                0x00000068                __trampolines_end = .
 *libprintf_flt.a:*(.progmem.data)
 *libc.a:*(.progmem.data)
 *(.progmem*)
                0x00000068                . = ALIGN (0x2)
 *(.jumptables)
 *(.jumptables*)
 *(.lowtext)
 *(.lowtext*)
                0x00000068                __ctors_start = .
 *(.ctors)
                0x00000068                __ctors_end = .
                0x00000068                __dtors_start = .
 *(.dtors)
                0x00000068                __dtors_end = .
 SORT(*)(.ctors)
 SORT(*)(.dtors)
 *(.init0)
 .init0         0x00000068        0x0 B:/Programy/Atmel/Studio/7.0/Packs/atmel/ATmega_DFP/1.7.374/gcc/dev/atmega328p/avr5/crtatmega328p.o
                0x00000068                __init
 *(.init0)
 *(.init1)
 *(.init1)
 *(.init2)
 .init2         0x00000068        0xc B:/Programy/Atmel/Studio/7.0/Packs/atmel/ATmega_DFP/1.7.374/gcc/dev/atmega328p/avr5/crtatmega328p.o
 *(.init2)
 *(.init3)
 *(.init3)
 *(.init4)
 .init4         0x00000074       0x16 b:/programy/atmel/studio/7.0/toolchain/avr8/avr8-gnu-toolchain/bin/../lib/gcc/avr/5.4.0/avr5\libgcc.a(_copy_data.o)
                0x00000074                __do_copy_data
 .init4         0x0000008a       0x10 b:/programy/atmel/studio/7.0/toolchain/avr8/avr8-gnu-toolchain/bin/../lib/gcc/avr/5.4.0/avr5\libgcc.a(_clear_bss.o)
                0x0000008a                __do_clear_bss
 *(.init4)
 *(.init5)
 *(.init5)
 *(.init6)
 *(.init6)
 *(.init7)
 *(.init7)
 *(.init8)
 *(.init8)
 *(.init9)
 .init9         0x0000009a        0x8 B:/Programy/Atmel/Studio/7.0/Packs/atmel/ATmega_DFP/1.7.374/gcc/dev/atmega328p/avr5/crtatmega328p.o
 *(.init9)
 *(.text)
 .text          0x000000a2        0x4 B:/Programy/Atmel/Studio/7.0/Packs/atmel/ATmega_DFP/1.7.374/gcc/dev/atmega328p/avr5/crtatmega328p.o
                0x000000a2                __vector_22
                0x000000a2                __vector_1
                0x000000a2                __vector_24
                0x000000a2                __vector_12
                0x000000a2                __bad_interrupt
                0x000000a2                __vector_6
                0x000000a2                __vector_3
                0x000000a2                __vector_23
                0x000000a2                __vector_25
                0x000000a2                __vector_11
                0x000000a2                __vector_13
                0x000000a2                __vector_19
                0x000000a2                __vector_7
                0x000000a2                __vector_5
                0x000000a2                __vector_4
                0x000000a2                __vector_9
                0x000000a2                __vector_2
                0x000000a2                __vector_21
                0x000000a2                __vector_8
                0x000000a2                __vector_10
                0x000000a2                __vector_16
                0x000000a6                . = ALIGN (0x2)
 *(.text.*)
 .text.AudioInit
                0x000000a6        0xa audio.o
                0x000000a6                AudioInit
 .text.AudioBeep
                0x000000b0       0x40 audio.o
                0x000000b0                AudioBeep
 .text.main     0x000000f0       0x2a main.o
                0x000000f0                main
 .text.__vector_15
                0x0000011a       0x8e motor.o
                0x0000011a                __vector_15
 .text.__vector_14
                0x000001a8       0x8e motor.o
                0x000001a8                __vector_14
 .text.__vector_17
                0x00000236       0x3c spi.o
                0x00000236                __vector_17
 .text.__vector_18
                0x00000272      0x128 B:\Projekty\RemoteTank\RVC\RVC\Debug\libRVC.a(uart.o)
                0x00000272                __vector_18
 .text.__vector_20
                0x0000039a       0x1e B:\Projekty\RemoteTank\RVC\RVC\Debug\libRVC.a(uart.o)
                0x0000039a                __vector_20
 .text.UartInit
                0x000003b8       0x62 B:\Projekty\RemoteTank\RVC\RVC\Debug\libRVC.a(uart.o)
                0x000003b8                UartInit
 .text.UartCountRead
                0x0000041a        0xa B:\Projekty\RemoteTank\RVC\RVC\Debug\libRVC.a(uart.o)
                0x0000041a                UartCountRead
 .text.UartRead
                0x00000424       0x40 B:\Projekty\RemoteTank\RVC\RVC\Debug\libRVC.a(uart.o)
                0x00000424                UartRead
 .text.libgcc.div
                0x00000464       0x44 b:/programy/atmel/studio/7.0/toolchain/avr8/avr8-gnu-toolchain/bin/../lib/gcc/avr/5.4.0/avr5\libgcc.a(_udivmodsi4.o)
                0x00000464                __udivmodsi4
 .text.libgcc.mul
                0x000004a8       0x16 b:/programy/atmel/studio/7.0/toolchain/avr8/avr8-gnu-toolchain/bin/../lib/gcc/avr/5.4.0/avr5\libgcc.a(_muluhisi3.o)
                0x000004a8                __muluhisi3
 .text.libgcc.mul
                0x000004be       0x1e b:/programy/atmel/studio/7.0/toolchain/avr8/avr8-gnu-toolchain/bin/../lib/gcc/avr/5.4.0/avr5\libgcc.a(_umulhisi3.o)
                0x000004be                __umulhisi3
 .text.avr-libc
                0x000004dc       0x12 b:/programy/atmel/studio/7.0/toolchain/avr8/avr8-gnu-toolchain/bin/../lib/gcc/avr/5.4.0/../../../../avr/lib/avr5\libc.a(memcpy.o)
                0x000004dc                memcpy
                0x000004ee                . = ALIGN (0x2)
 *(.fini9)
 .fini9         0x000004ee        0x0 b:/programy/atmel/studio/7.0/toolchain/avr8/avr8-gnu-toolchain/bin/../lib/gcc/avr/5.4.0/avr5\libgcc.a(_exit.o)
                0x000004ee                _exit
                0x000004ee                exit
 *(.fini9)
 *(.fini8)
 *(.fini8)
 *(.fini7)
 *(.fini7)
 *(.fini6)
 *(.fini6)
 *(.fini5)
 *(.fini5)
 *(.fini4)
 *(.fini4)
 *(.fini3)
 *(.fini3)
 *(.fini2)
 *(.fini2)
 *(.fini1)
 *(.fini1)
 *(.fini0)
 .fini0         0x000004ee        0x4 b:/programy/atmel/studio/7.0/toolchain/avr8/avr8-gnu-toolchain/bin/../lib/gcc/avr/5.4.0/avr5\libgcc.a(_exit.o)
 *(.fini0)
                0x000004f2                _etext = .

.data           0x00800100        0x2 load address 0x000004f2
                0x00800100                PROVIDE (__data_start, .)
 *(.data)
 *(.data*)
 .data.uartTxBusy
                0x00800100        0x1 B:\Projekty\RemoteTank\RVC\RVC\Debug\libRVC.a(uart.o)
 *(.gnu.linkonce.d*)
 *(.rodata)
 *(.rodata*)
 *(.gnu.linkonce.r*)
                0x00800102                . = ALIGN (0x2)
 *fill*         0x00800101        0x1 
                0x00800102                _edata = .
                0x00800102                PROVIDE (__data_end, .)

.bss            0x00800102       0x94
                0x00800102                PROVIDE (__bss_start, .)
 *(.bss)
 *(.bss*)
 .bss.counter.1619
                0x00800102        0x2 motor.o
 .bss.counter.1611
                0x00800104        0x2 motor.o
 .bss.nextFactor
                0x00800106        0x2 motor.o
 .bss.factor    0x00800108        0x2 motor.o
 .bss.spiTxRxDone
                0x0080010a        0x1 spi.o
                0x0080010a                spiTxRxDone
 .bss.spiRxData
                0x0080010b        0x1 spi.o
                0x0080010b                spiRxData
 .bss.rxReadPos.1802
                0x0080010c        0x2 B:\Projekty\RemoteTank\RVC\RVC\Debug\libRVC.a(uart.o)
 .bss.rxWritePos.1762
                0x0080010e        0x2 B:\Projekty\RemoteTank\RVC\RVC\Debug\libRVC.a(uart.o)
 .bss.callback  0x00800110        0x2 B:\Projekty\RemoteTank\RVC\RVC\Debug\libRVC.a(uart.o)
 .bss.desiredLength
                0x00800112        0x2 B:\Projekty\RemoteTank\RVC\RVC\Debug\libRVC.a(uart.o)
 .bss.rxCount   0x00800114        0x2 B:\Projekty\RemoteTank\RVC\RVC\Debug\libRVC.a(uart.o)
 .bss.rxBuffer  0x00800116       0x80 B:\Projekty\RemoteTank\RVC\RVC\Debug\libRVC.a(uart.o)
 *(COMMON)
                0x00800196                PROVIDE (__bss_end, .)
                0x000004f2                __data_load_start = LOADADDR (.data)
                0x000004f4                __data_load_end = (__data_load_start + SIZEOF (.data))

.noinit         0x00800196        0x0
                [!provide]                PROVIDE (__noinit_start, .)
 *(.noinit*)
                [!provide]                PROVIDE (__noinit_end, .)
                0x00800196                _end = .
                [!provide]                PROVIDE (__heap_start, .)

.eeprom         0x00810000        0x0
 *(.eeprom*)
                0x00810000                __eeprom_end = .

.fuse
 *(.fuse)
 *(.lfuse)
 *(.hfuse)
 *(.efuse)

.lock
 *(.lock*)

.signature
 *(.signature*)

.user_signatures
 *(.user_signatures*)

.stab
 *(.stab)

.stabstr
 *(.stabstr)

.stab.excl
 *(.stab.excl)

.stab.exclstr
 *(.stab.exclstr)

.stab.index
 *(.stab.index)

.stab.indexstr
 *(.stab.indexstr)

.comment        0x00000000       0x30
 *(.comment)
 .comment       0x00000000       0x30 audio.o
                                 0x31 (size before relaxing)
 .comment       0x00000030       0x31 main.o
 .comment       0x00000030       0x31 motor.o
 .comment       0x00000030       0x31 spi.o
 .comment       0x00000030       0x31 B:\Projekty\RemoteTank\RVC\RVC\Debug\libRVC.a(uart.o)

.note.gnu.avr.deviceinfo
                0x00000000       0x40
 .note.gnu.avr.deviceinfo
                0x00000000       0x40 B:/Programy/Atmel/Studio/7.0/Packs/atmel/ATmega_DFP/1.7.374/gcc/dev/atmega328p/avr5/crtatmega328p.o

.note.gnu.build-id
 *(.note.gnu.build-id)

.debug
 *(.debug)

.line
 *(.line)

.debug_srcinfo
 *(.debug_srcinfo)

.debug_sfnames
 *(.debug_sfnames)

.debug_aranges  0x00000000      0x120
 *(.debug_aranges)
 .debug_aranges
                0x00000000       0x28 audio.o
 .debug_aranges
                0x00000028       0x28 main.o
 .debug_aranges
                0x00000050       0x38 motor.o
 .debug_aranges
                0x00000088       0x38 spi.o
 .debug_aranges
                0x000000c0       0x60 B:\Projekty\RemoteTank\RVC\RVC\Debug\libRVC.a(uart.o)

.debug_pubnames
 *(.debug_pubnames)

.debug_info     0x00000000     0x1160
 *(.debug_info .gnu.linkonce.wi.*)
 .debug_info    0x00000000      0x5f4 B:/Programy/Atmel/Studio/7.0/Packs/atmel/ATmega_DFP/1.7.374/gcc/dev/atmega328p/avr5/crtatmega328p.o
 .debug_info    0x000005f4      0x178 audio.o
 .debug_info    0x0000076c      0x3c6 main.o
 .debug_info    0x00000b32      0x15d motor.o
 .debug_info    0x00000c8f      0x129 spi.o
 .debug_info    0x00000db8      0x3a8 B:\Projekty\RemoteTank\RVC\RVC\Debug\libRVC.a(uart.o)

.debug_abbrev   0x00000000      0xb2d
 *(.debug_abbrev)
 .debug_abbrev  0x00000000      0x5a2 B:/Programy/Atmel/Studio/7.0/Packs/atmel/ATmega_DFP/1.7.374/gcc/dev/atmega328p/avr5/crtatmega328p.o
 .debug_abbrev  0x000005a2       0xfc audio.o
 .debug_abbrev  0x0000069e      0x149 main.o
 .debug_abbrev  0x000007e7       0xc4 motor.o
 .debug_abbrev  0x000008ab       0xd5 spi.o
 .debug_abbrev  0x00000980      0x1ad B:\Projekty\RemoteTank\RVC\RVC\Debug\libRVC.a(uart.o)

.debug_line     0x00000000      0x8cf
 *(.debug_line .debug_line.* .debug_line_end)
 .debug_line    0x00000000      0x134 B:/Programy/Atmel/Studio/7.0/Packs/atmel/ATmega_DFP/1.7.374/gcc/dev/atmega328p/avr5/crtatmega328p.o
 .debug_line    0x00000134      0x15e audio.o
 .debug_line    0x00000292      0x12a main.o
 .debug_line    0x000003bc      0x18c motor.o
 .debug_line    0x00000548      0x129 spi.o
 .debug_line    0x00000671      0x25e B:\Projekty\RemoteTank\RVC\RVC\Debug\libRVC.a(uart.o)

.debug_frame    0x00000000      0x2e0
 *(.debug_frame)
 .debug_frame   0x00000000       0x34 audio.o
 .debug_frame   0x00000034       0x50 main.o
 .debug_frame   0x00000084       0x94 motor.o
 .debug_frame   0x00000118       0x64 spi.o
 .debug_frame   0x0000017c      0x164 B:\Projekty\RemoteTank\RVC\RVC\Debug\libRVC.a(uart.o)

.debug_str      0x00000000      0x71f
 *(.debug_str)
 .debug_str     0x00000000      0x208 B:/Programy/Atmel/Studio/7.0/Packs/atmel/ATmega_DFP/1.7.374/gcc/dev/atmega328p/avr5/crtatmega328p.o
 .debug_str     0x00000208      0x1a7 audio.o
                                0x1db (size before relaxing)
 .debug_str     0x000003af      0x1a0 main.o
                                0x32b (size before relaxing)
 .debug_str     0x0000054f       0x6d motor.o
                                0x1d6 (size before relaxing)
 .debug_str     0x000005bc       0x51 spi.o
                                0x1bf (size before relaxing)
 .debug_str     0x0000060d      0x112 B:\Projekty\RemoteTank\RVC\RVC\Debug\libRVC.a(uart.o)
                                0x287 (size before relaxing)

.debug_loc      0x00000000      0x7a6
 *(.debug_loc)
 .debug_loc     0x00000000       0xdc audio.o
 .debug_loc     0x000000dc       0xec main.o
 .debug_loc     0x000001c8       0xec motor.o
 .debug_loc     0x000002b4       0xcf spi.o
 .debug_loc     0x00000383      0x423 B:\Projekty\RemoteTank\RVC\RVC\Debug\libRVC.a(uart.o)

.debug_macinfo
 *(.debug_macinfo)

.debug_weaknames
 *(.debug_weaknames)

.debug_funcnames
 *(.debug_funcnames)

.debug_typenames
 *(.debug_typenames)

.debug_varnames
 *(.debug_varnames)

.debug_pubtypes
 *(.debug_pubtypes)

.debug_ranges   0x00000000       0xd0
 *(.debug_ranges)
 .debug_ranges  0x00000000       0x18 audio.o
 .debug_ranges  0x00000018       0x18 main.o
 .debug_ranges  0x00000030       0x28 motor.o
 .debug_ranges  0x00000058       0x28 spi.o
 .debug_ranges  0x00000080       0x50 B:\Projekty\RemoteTank\RVC\RVC\Debug\libRVC.a(uart.o)

.debug_macro
 *(.debug_macro)
OUTPUT(TransmitterCode.elf elf32-avr)
LOAD linker stubs
